]0;~/Desktop/R/Coursera[?1034hyaojiayingdeMacBook-Pro:Coursera yaojiaying$ [KyaojiayingdeMacBook-Pro:Coursera yaojiaying$ git init
Initialized empty Git repository in /Users/yaojiaying/Desktop/R/Coursera/.git/
]0;~/Desktop/R/CourserayaojiayingdeMacBook-Pro:Coursera yaojiaying$ commit -m [K[K[K[K[K[K[K[K[K[Kgit commit -m "Iinit[K[K[K[Knitial com mit" "o"n"e" "l"i"n"e"[1P"[1P"[1P"[1P"[1P"[1P"[1P"[1P"[1P"[1P"[1P"[1P"[A[C[C[C[C[C[C[C[C[C[C[C[C[C[C[C[C[C[C[C[C[C[C[C[C[C[C[C[C[C[C[C[C[C[C[C[C[C[C[C[C[C[C[C[C[C[C[C[C[C[C[C[C[C[C[C[C[C[C[C[C[C[C[C[C[C[C[C[C[C[C" [K[A[C[C[C[C[C[C[C[C[C[C[C[C[C[C[C[C[C[C[C[C[C[C[C[C[C[C[C[C[C[C[C[C[C[C[C[C[C[C[C[C[C[C[C[C[C[C[C[C[C[C[C[C[C[C[C[C[C[C[C[C[C[C[C[C[C[C[C[C[C[C[1P"
[K[A[C[C[C[C[C[C[C[C[C[C[C[C[C[C[C[C[C[C[C[C[C[C[C[C[C[C[C[C[C[C[C[C[C[C[C[C[C[C[C[C[C[C[C[C[C[C[C[C[C[C[C[C[C[C[C[C[C[C[C[C[C[C[C[C[C[C[C[C[C[1P"c"o" [A[C[C[C[C[C[C[C[C[C[C[C[C[C[C[C[C[C[C[C[C[C[C[C[C[C[C[C[C[C[C[C[C[C[C[C[C[C[C[C[C[C[C[C[C[C[C[C[C[C[C[C[C[C[C[C[C[C[C[C[C[C[C[C[C[C[C[C[C[Cm""m"i"t"
On branch master

Initial commit

Untracked files:
	[31m.Rhistory[m
	[31m.Rproj.user/[m
	[31mCoursera.Rproj[m
	[31mFirst R Markdown.Rmd[m
	[31mFirst-R-Markdown.pdf[m
	[31mHelloWorld[m
	[31mmyRStudio/[m

nothing added to commit but untracked files present
]0;~/Desktop/R/CourserayaojiayingdeMacBook-Pro:Coursera yaojiaying$ git add .
warning: adding embedded git repository: myRStudio
hint: You've added another git repository inside your current repository.
hint: Clones of the outer repository will not contain the contents of
hint: the embedded repository and will not know how to obtain it.
hint: If you meant to add a submodule, use:
hint: 
hint: 	git submodule add <url> myRStudio
hint: 
hint: If you added this path by mistake, you can remove it from the
hint: index with:
hint: 
hint: 	git rm --cached myRStudio
hint: 
hint: See "git help submodule" for more information.
]0;~/Desktop/R/CourserayaojiayingdeMacBook-Pro:Coursera yaojiaying$ git commit -m "Initial Com mit"
[master (root-commit) 4630570] Initial Commit
 33 files changed, 358 insertions(+)
 create mode 100644 .Rhistory
 create mode 100644 .Rproj.user/E9093E5C/console06/B77D9541
 create mode 100644 .Rproj.user/E9093E5C/console06/B77D9541.env
 create mode 100644 .Rproj.user/E9093E5C/console06/INDEX001
 create mode 100644 .Rproj.user/E9093E5C/pcs/files-pane.pper
 create mode 100644 .Rproj.user/E9093E5C/pcs/packages-pane.pper
 create mode 100644 .Rproj.user/E9093E5C/pcs/source-pane.pper
 create mode 100644 .Rproj.user/E9093E5C/pcs/windowlayoutstate.pper
 create mode 100644 .Rproj.user/E9093E5C/pcs/workbench-pane.pper
 create mode 100644 .Rproj.user/E9093E5C/rmd-outputs
 create mode 100644 .Rproj.user/E9093E5C/saved_source_markers
 create mode 100644 .Rproj.user/E9093E5C/sources/prop/30078AF5
 create mode 100644 .Rproj.user/E9093E5C/sources/prop/372A6006
 create mode 100644 .Rproj.user/E9093E5C/sources/prop/INDEX
 create mode 100644 .Rproj.user/E9093E5C/sources/s-DC5F6C19/226D4856
 create mode 100644 .Rproj.user/E9093E5C/sources/s-DC5F6C19/226D4856-contents
 create mode 100644 .Rproj.user/E9093E5C/sources/s-DC5F6C19/B0CEE4D2
 create mode 100644 .Rproj.user/E9093E5C/sources/s-DC5F6C19/B0CEE4D2-contents
 create mode 100644 .Rproj.user/E9093E5C/sources/s-DC5F6C19/C75C2DF6
 create mode 100644 .Rproj.user/E9093E5C/sources/s-DC5F6C19/C75C2DF6-contents
 create mode 100644 .Rproj.user/E9093E5C/sources/s-DC5F6C19/lock_file
 create mode 100644 .Rproj.user/shared/notebooks/388FA1DA-First R Markdown/1/E9093E5CDC5F6C19/chunks.json
 create mode 100644 .Rproj.user/shared/notebooks/388FA1DA-First R Markdown/1/s/caapqyddhhjvf/000002.csv
 create mode 100644 .Rproj.user/shared/notebooks/388FA1DA-First R Markdown/1/s/chunks.json
 create mode 100644 .Rproj.user/shared/notebooks/388FA1DA-First R Markdown/1/s/crod9bgaki2xg/000002.csv
 create mode 100644 .Rproj.user/shared/notebooks/388FA1DA-First R Markdown/1/s/csetup_chunk/000002.csv
 create mode 100644 .Rproj.user/shared/notebooks/patch-chunk-names
 create mode 100644 .Rproj.user/shared/notebooks/paths
 create mode 100644 Coursera.Rproj
 create mode 100644 First R Markdown.Rmd
 create mode 100644 First-R-Markdown.pdf
 create mode 100644 HelloWorld
 create mode 160000 myRStudio
]0;~/Desktop/R/CourserayaojiayingdeMacBook-Pro:Coursera yaojiaying$ git remote add origin http s://github.com/Jiaying-Yao/DataScienceCoursera2020.git
]0;~/Desktop/R/CourserayaojiayingdeMacBook-Pro:Coursera yaojiaying$ git push -u origin master
Counting objects: 45, done.
Delta compression using up to 4 threads.
Compressing objects:   3% (1/32)   Compressing objects:   6% (2/32)   Compressing objects:   9% (3/32)   Compressing objects:  12% (4/32)   Compressing objects:  15% (5/32)   Compressing objects:  18% (6/32)   Compressing objects:  21% (7/32)   Compressing objects:  25% (8/32)   Compressing objects:  28% (9/32)   Compressing objects:  31% (10/32)   Compressing objects:  34% (11/32)   Compressing objects:  37% (12/32)   Compressing objects:  40% (13/32)   Compressing objects:  43% (14/32)   Compressing objects:  46% (15/32)   Compressing objects:  50% (16/32)   Compressing objects:  53% (17/32)   Compressing objects:  56% (18/32)   Compressing objects:  59% (19/32)   Compressing objects:  62% (20/32)   Compressing objects:  65% (21/32)   Compressing objects:  68% (22/32)   Compressing objects:  71% (23/32)   Compressing objects:  75% (24/32)   Compressing objects:  78% (25/32)   Compressing objects:  81% (26/32)   Compressing objects:  84% (27/32)   Compressing objects:  87% (28/32)   Compressing objects:  90% (29/32)   Compressing objects:  93% (30/32)   Compressing objects:  96% (31/32)   Compressing objects: 100% (32/32)   Compressing objects: 100% (32/32), done.
Writing objects:   2% (1/45)   Writing objects:   4% (2/45)   Writing objects:   6% (3/45)   Writing objects:   8% (4/45)   Writing objects:  11% (5/45)   Writing objects:  13% (6/45)   Writing objects:  15% (7/45)   Writing objects:  17% (8/45)   Writing objects:  20% (9/45)   Writing objects:  22% (10/45)   Writing objects:  24% (11/45)   Writing objects:  26% (12/45)   Writing objects:  28% (13/45)   Writing objects:  31% (14/45)   Writing objects:  33% (15/45)   Writing objects:  35% (16/45)   Writing objects:  37% (17/45)   Writing objects:  40% (18/45)   Writing objects:  42% (19/45)   Writing objects:  44% (20/45)   Writing objects:  46% (21/45)   Writing objects:  48% (22/45)   Writing objects:  51% (23/45)   Writing objects:  53% (24/45)   Writing objects:  55% (25/45)   Writing objects:  57% (26/45)   Writing objects:  60% (27/45)   Writing objects:  62% (28/45)   Writing objects:  64% (29/45)   Writing objects:  66% (30/45)   Writing objects:  68% (31/45)   Writing objects:  71% (32/45)   Writing objects:  73% (33/45)   Writing objects:  75% (34/45)   Writing objects:  77% (35/45)   Writing objects:  80% (36/45)   Writing objects:  82% (37/45)   Writing objects:  84% (38/45)   Writing objects:  86% (39/45)   Writing objects:  88% (40/45)   Writing objects:  91% (41/45)   Writing objects:  93% (42/45)   Writing objects:  95% (43/45)   Writing objects:  97% (44/45)   Writing objects: 100% (45/45)   Writing objects: 100% (45/45), 177.29 KiB | 2.46 MiB/s, done.
Total 45 (delta 2), reused 0 (delta 0)
remote: Resolving deltas:   0% (0/2)[Kremote: Resolving deltas:  50% (1/2)[Kremote: Resolving deltas: 100% (2/2)[Kremote: Resolving deltas: 100% (2/2), done.[K
To https://github.com/Jiaying-Yao/DataScienceCoursera2020.git
 * [new branch]      master -> master
Branch 'master' set up to track remote branch 'master' from 'origin'.
]0;~/Desktop/R/CourserayaojiayingdeMacBook-Pro:Coursera yaojiaying$ git [K[K[K[Kgit add .
